// Jest Snapshot v1, https://goo.gl/fbAQLP

exports[`Header Component should match the snapshot 1`] = `
<header
  className="govuk-header "
  data-module="govuk-header"
  role="banner"
>
  <div
    className="govuk-header__container"
  >
    <div
      className="govuk-header__logo govuk-!-margin-left-9 govuk-!-margin-right-9"
    >
      <a
        className="govuk-header__link govuk-header__link--homepage"
        href="/"
      >
        <span
          className="govuk-header__logotype"
        >
          <span
            className="govuk-header__logotype-text"
            data-testid="header_link_text"
            id="header_link_text"
          >
            Tube Status
          </span>
        </span>
      </a>
    </div>
  </div>
</header>
`;
